\BOOKMARK [0][-]{chapter*.1}{\376\377\000D\000e\000d\000i\000c\000a\000t\000i\000o\000n}{}% 1
\BOOKMARK [0][-]{chapter*.2}{\376\377\000A\000c\000k\000n\000o\000w\000l\000e\000d\000g\000m\000e\000n\000t\000s}{}% 2
\BOOKMARK [0][-]{chapter*.3}{\376\377\000A\000b\000s\000t\000r\000a\000c\000t}{}% 3
\BOOKMARK [0][-]{chapter*.5}{\376\377\000L\000i\000s\000t\000\040\000o\000f\000\040\000F\000i\000g\000u\000r\000e\000s}{}% 4
\BOOKMARK [0][-]{chapter*.6}{\376\377\000L\000i\000s\000t\000\040\000o\000f\000\040\000T\000a\000b\000l\000e\000s}{}% 5
\BOOKMARK [0][-]{chapter*.8}{\376\377\000G\000e\000n\000e\000r\000a\000l\000\040\000I\000n\000t\000r\000o\000d\000u\000c\000t\000i\000o\000n}{}% 6
\BOOKMARK [0][-]{chapter*.14}{\376\377\000G\000e\000n\000e\000r\000a\000l\000\040\000C\000o\000n\000t\000e\000x\000t\000,\000\040\000R\000e\000q\000u\000i\000r\000e\000m\000e\000n\000t\000s\000\040\000a\000n\000d\000\040\000P\000r\000o\000j\000e\000c\000t\000\040\000O\000v\000e\000r\000v\000i\000e\000w}{}% 7
\BOOKMARK [1][-]{section*.15}{\376\377\000I\000n\000t\000r\000o\000d\000u\000c\000t\000i\000o\000n}{chapter*.14}% 8
\BOOKMARK [2][-]{section*.16}{\376\377\000C\000h\000a\000p\000t\000e\000r\000\040\000O\000v\000e\000r\000v\000i\000e\000w}{section*.15}% 9
\BOOKMARK [1][-]{section*.17}{\376\377\000H\000o\000s\000t\000\040\000O\000r\000g\000a\000n\000i\000z\000a\000t\000i\000o\000n\000\040\000a\000n\000d\000\040\000P\000r\000o\000j\000e\000c\000t\000\040\000E\000n\000v\000i\000r\000o\000n\000m\000e\000n\000t}{chapter*.14}% 10
\BOOKMARK [1][-]{section*.20}{\376\377\000P\000r\000o\000j\000e\000c\000t\000\040\000C\000o\000n\000t\000e\000x\000t\000\040\000a\000n\000d\000\040\000P\000r\000o\000b\000l\000e\000m\000\040\000S\000t\000a\000t\000e\000m\000e\000n\000t}{chapter*.14}% 11
\BOOKMARK [1][-]{section*.21}{\376\377\000E\000x\000i\000s\000t\000i\000n\000g\000\040\000S\000o\000l\000u\000t\000i\000o\000n\000s\000\040\000a\000n\000d\000\040\000P\000o\000s\000i\000t\000i\000o\000n\000i\000n\000g}{chapter*.14}% 12
\BOOKMARK [2][-]{subsection*.22}{\376\377\000T\000r\000a\000d\000i\000t\000i\000o\000n\000a\000l\000\040\000A\000u\000t\000o\000m\000a\000t\000i\000o\000n\000\040\000T\000o\000o\000l\000s}{section*.21}% 13
\BOOKMARK [2][-]{subsection*.23}{\376\377\000A\000I\000-\000B\000a\000s\000e\000d\000\040\000T\000e\000s\000t\000i\000n\000g\000\040\000P\000l\000a\000t\000f\000o\000r\000m\000s}{section*.21}% 14
\BOOKMARK [2][-]{subsection*.26}{\376\377\000P\000o\000s\000i\000t\000i\000o\000n\000i\000n\000g\000\040\000o\000f\000\040\000V\000i\000s\000i\000o\000n\000T\000e\000s\000t\000-\000A\000I}{section*.21}% 15
\BOOKMARK [1][-]{section*.27}{\376\377\000P\000r\000o\000p\000o\000s\000e\000d\000\040\000S\000o\000l\000u\000t\000i\000o\000n}{chapter*.14}% 16
\BOOKMARK [1][-]{section*.30}{\376\377\000R\000e\000q\000u\000i\000r\000e\000m\000e\000n\000t\000s\000\040\000A\000n\000a\000l\000y\000s\000i\000s}{chapter*.14}% 17
\BOOKMARK [2][-]{subsection*.31}{\376\377\000F\000u\000n\000c\000t\000i\000o\000n\000a\000l\000\040\000R\000e\000q\000u\000i\000r\000e\000m\000e\000n\000t\000s}{section*.30}% 18
\BOOKMARK [2][-]{subsection*.32}{\376\377\000N\000o\000n\000-\000F\000u\000n\000c\000t\000i\000o\000n\000a\000l\000\040\000R\000e\000q\000u\000i\000r\000e\000m\000e\000n\000t\000s}{section*.30}% 19
\BOOKMARK [2][-]{subsection*.33}{\376\377\000C\000o\000n\000s\000t\000r\000a\000i\000n\000t\000s\000\040\000a\000n\000d\000\040\000A\000s\000s\000u\000m\000p\000t\000i\000o\000n\000s}{section*.30}% 20
\BOOKMARK [1][-]{section*.34}{\376\377\000P\000r\000o\000j\000e\000c\000t\000\040\000O\000b\000j\000e\000c\000t\000i\000v\000e\000s}{chapter*.14}% 21
\BOOKMARK [1][-]{section*.35}{\376\377\000P\000r\000o\000j\000e\000c\000t\000\040\000M\000a\000n\000a\000g\000e\000m\000e\000n\000t\000\040\000M\000e\000t\000h\000o\000d\000o\000l\000o\000g\000y}{chapter*.14}% 22
\BOOKMARK [1][-]{section*.40}{\376\377\000C\000o\000n\000c\000l\000u\000s\000i\000o\000n}{chapter*.14}% 23
\BOOKMARK [0][-]{chapter*.41}{\376\377\000L\000i\000t\000e\000r\000a\000t\000u\000r\000e\000\040\000R\000e\000v\000i\000e\000w\000:\000\040\000D\000a\000t\000a\000\040\000a\000n\000d\000\040\000A\000r\000t\000i\000f\000i\000c\000i\000a\000l\000\040\000I\000n\000t\000e\000l\000l\000i\000g\000e\000n\000c\000e\000\040\000F\000o\000u\000n\000d\000a\000t\000i\000o\000n\000s}{}% 24
\BOOKMARK [1][-]{section*.42}{\376\377\000I\000n\000t\000r\000o\000d\000u\000c\000t\000i\000o\000n}{chapter*.41}% 25
\BOOKMARK [2][-]{section*.43}{\376\377\000C\000h\000a\000p\000t\000e\000r\000\040\000O\000v\000e\000r\000v\000i\000e\000w}{section*.42}% 26
\BOOKMARK [1][-]{section*.44}{\376\377\000D\000a\000t\000a\000\040\000S\000c\000i\000e\000n\000c\000e\000\040\000a\000n\000d\000\040\000A\000r\000t\000i\000f\000i\000c\000i\000a\000l\000\040\000I\000n\000t\000e\000l\000l\000i\000g\000e\000n\000c\000e}{chapter*.41}% 27
\BOOKMARK [1][-]{section*.45}{\376\377\000M\000a\000c\000h\000i\000n\000e\000\040\000L\000e\000a\000r\000n\000i\000n\000g}{chapter*.41}% 28
\BOOKMARK [1][-]{section*.46}{\376\377\000D\000e\000e\000p\000\040\000L\000e\000a\000r\000n\000i\000n\000g}{chapter*.41}% 29
\BOOKMARK [1][-]{section*.47}{\376\377\000N\000a\000t\000u\000r\000a\000l\000\040\000L\000a\000n\000g\000u\000a\000g\000e\000\040\000P\000r\000o\000c\000e\000s\000s\000i\000n\000g}{chapter*.41}% 30
\BOOKMARK [2][-]{subsection*.48}{\376\377\000R\000u\000l\000e\000-\000B\000a\000s\000e\000d\000\040\000N\000L\000P}{section*.47}% 31
\BOOKMARK [2][-]{subsection*.49}{\376\377\000T\000r\000a\000n\000s\000f\000o\000r\000m\000e\000r\000-\000B\000a\000s\000e\000d\000\040\000N\000L\000P}{section*.47}% 32
\BOOKMARK [2][-]{subsection*.50}{\376\377\000H\000y\000b\000r\000i\000d\000\040\000N\000L\000P\000\040\000S\000t\000r\000a\000t\000e\000g\000y}{section*.47}% 33
\BOOKMARK [1][-]{section*.51}{\376\377\000C\000o\000m\000p\000u\000t\000e\000r\000\040\000V\000i\000s\000i\000o\000n}{chapter*.41}% 34
\BOOKMARK [1][-]{section*.52}{\376\377\000O\000b\000j\000e\000c\000t\000\040\000D\000e\000t\000e\000c\000t\000i\000o\000n\000\040\000a\000n\000d\000\040\000Y\000O\000L\000O}{chapter*.41}% 35
\BOOKMARK [1][-]{section*.53}{\376\377\000O\000C\000R\000\040\000a\000n\000d\000\040\000T\000e\000x\000t\000\040\000E\000x\000t\000r\000a\000c\000t\000i\000o\000n}{chapter*.41}% 36
\BOOKMARK [1][-]{section*.54}{\376\377\000B\000e\000h\000a\000v\000i\000o\000r\000-\000D\000r\000i\000v\000e\000n\000\040\000D\000e\000v\000e\000l\000o\000p\000m\000e\000n\000t\000\040\000a\000n\000d\000\040\000G\000h\000e\000r\000k\000i\000n}{chapter*.41}% 37
\BOOKMARK [1][-]{section*.55}{\376\377\000B\000r\000o\000w\000s\000e\000r\000\040\000A\000u\000t\000o\000m\000a\000t\000i\000o\000n}{chapter*.41}% 38
\BOOKMARK [1][-]{section*.56}{\376\377\000H\000y\000b\000r\000i\000d\000\040\000I\000n\000t\000e\000l\000l\000i\000g\000e\000n\000t\000\040\000T\000e\000s\000t\000i\000n\000g}{chapter*.41}% 39
\BOOKMARK [1][-]{section*.57}{\376\377\000C\000o\000n\000c\000l\000u\000s\000i\000o\000n}{chapter*.41}% 40
\BOOKMARK [0][-]{chapter*.58}{\376\377\000S\000e\000m\000a\000n\000t\000i\000c\000\040\000I\000n\000t\000e\000l\000l\000i\000g\000e\000n\000c\000e\000:\000\040\000N\000L\000P\000\040\000a\000n\000d\000\040\000M\000a\000p\000p\000i\000n\000g\000\040\000M\000o\000d\000u\000l\000e}{}% 41
\BOOKMARK [1][-]{section*.59}{\376\377\000I\000n\000t\000r\000o\000d\000u\000c\000t\000i\000o\000n}{chapter*.58}% 42
\BOOKMARK [2][-]{section*.60}{\376\377\000C\000h\000a\000p\000t\000e\000r\000\040\000O\000v\000e\000r\000v\000i\000e\000w}{section*.59}% 43
\BOOKMARK [1][-]{section*.61}{\376\377\000O\000b\000j\000e\000c\000t\000i\000v\000e\000s\000\040\000o\000f\000\040\000t\000h\000e\000\040\000N\000L\000P\000\040\000M\000o\000d\000u\000l\000e}{chapter*.58}% 44
\BOOKMARK [1][-]{section*.64}{\376\377\000G\000h\000e\000r\000k\000i\000n\000\040\000P\000a\000r\000s\000i\000n\000g}{chapter*.58}% 45
\BOOKMARK [2][-]{subsection*.65}{\376\377\000P\000a\000r\000s\000e\000d\000\040\000E\000l\000e\000m\000e\000n\000t\000s}{section*.64}% 46
\BOOKMARK [2][-]{subsection*.68}{\376\377\000H\000a\000n\000d\000l\000i\000n\000g\000\040\000A\000n\000d\000\040\000a\000n\000d\000\040\000B\000u\000t}{section*.64}% 47
\BOOKMARK [1][-]{section*.69}{\376\377\000I\000n\000t\000e\000n\000t\000\040\000C\000l\000a\000s\000s\000i\000f\000i\000c\000a\000t\000i\000o\000n}{chapter*.58}% 48
\BOOKMARK [2][-]{subsection*.72}{\376\377\000R\000u\000l\000e\000-\000B\000a\000s\000e\000d\000\040\000F\000i\000r\000s\000t\000\040\000V\000e\000r\000s\000i\000o\000n}{section*.69}% 49
\BOOKMARK [2][-]{subsection*.73}{\376\377\000D\000i\000s\000t\000i\000l\000B\000E\000R\000T\000-\000B\000a\000s\000e\000d\000\040\000I\000m\000p\000r\000o\000v\000e\000m\000e\000n\000t}{section*.69}% 50
\BOOKMARK [2][-]{subsection*.74}{\376\377\000C\000o\000n\000f\000i\000d\000e\000n\000c\000e\000\040\000M\000a\000n\000a\000g\000e\000m\000e\000n\000t}{section*.69}% 51
\BOOKMARK [1][-]{section*.75}{\376\377\000E\000n\000t\000i\000t\000y\000\040\000E\000x\000t\000r\000a\000c\000t\000i\000o\000n}{chapter*.58}% 52
\BOOKMARK [2][-]{subsection*.78}{\376\377\000T\000a\000r\000g\000e\000t\000\040\000a\000n\000d\000\040\000V\000a\000l\000u\000e\000\040\000E\000x\000t\000r\000a\000c\000t\000i\000o\000n}{section*.75}% 53
\BOOKMARK [2][-]{subsection*.79}{\376\377\000R\000e\000g\000e\000x\000\040\000F\000a\000l\000l\000b\000a\000c\000k}{section*.75}% 54
\BOOKMARK [1][-]{section*.80}{\376\377\000S\000e\000m\000a\000n\000t\000i\000c\000\040\000M\000a\000p\000p\000i\000n\000g}{chapter*.58}% 55
\BOOKMARK [2][-]{subsection*.83}{\376\377\000S\000e\000l\000e\000c\000t\000o\000r\000\040\000C\000a\000n\000d\000i\000d\000a\000t\000e\000\040\000G\000e\000n\000e\000r\000a\000t\000i\000o\000n}{section*.80}% 56
\BOOKMARK [2][-]{subsection*.84}{\376\377\000P\000r\000e\000p\000a\000r\000i\000n\000g\000\040\000V\000i\000s\000i\000o\000n\000\040\000F\000a\000l\000l\000b\000a\000c\000k}{section*.80}% 57
\BOOKMARK [1][-]{section*.85}{\376\377\000A\000P\000I\000\040\000E\000n\000d\000p\000o\000i\000n\000t\000s\000\040\000o\000f\000\040\000t\000h\000e\000\040\000N\000L\000P\000\040\000M\000o\000d\000u\000l\000e}{chapter*.58}% 58
\BOOKMARK [2][-]{subsection*.86}{\376\377\000/\000a\000p\000i\000/\000i\000a\000/\000p\000a\000r\000s\000e\000-\000g\000h\000e\000r\000k\000i\000n}{section*.85}% 59
\BOOKMARK [2][-]{subsection*.91}{\376\377\000/\000a\000p\000i\000/\000i\000a\000/\000s\000e\000m\000a\000n\000t\000i\000c\000-\000m\000a\000p\000p\000i\000n\000g}{section*.85}% 60
\BOOKMARK [2][-]{subsection*.117}{\376\377\000/\000a\000p\000i\000/\000i\000a\000/\000g\000e\000n\000e\000r\000a\000t\000e\000-\000t\000e\000s\000t}{section*.85}% 61
\BOOKMARK [1][-]{section*.144}{\376\377\000G\000e\000n\000e\000r\000a\000t\000e\000d\000\040\000P\000l\000a\000y\000w\000r\000i\000g\000h\000t\000\040\000S\000c\000r\000i\000p\000t}{chapter*.58}% 62
\BOOKMARK [1][-]{section*.155}{\376\377\000V\000a\000l\000i\000d\000a\000t\000i\000o\000n\000\040\000a\000n\000d\000\040\000R\000e\000s\000u\000l\000t\000s}{chapter*.58}% 63
\BOOKMARK [2][-]{subsection*.158}{\376\377\000O\000b\000s\000e\000r\000v\000e\000d\000\040\000R\000e\000s\000u\000l\000t\000s}{section*.155}% 64
\BOOKMARK [2][-]{subsection*.161}{\376\377\000E\000r\000r\000o\000r\000\040\000A\000n\000a\000l\000y\000s\000i\000s}{section*.155}% 65
\BOOKMARK [1][-]{section*.164}{\376\377\000L\000i\000m\000i\000t\000a\000t\000i\000o\000n\000s\000\040\000a\000n\000d\000\040\000P\000o\000s\000s\000i\000b\000l\000e\000\040\000I\000m\000p\000r\000o\000v\000e\000m\000e\000n\000t\000s}{chapter*.58}% 66
\BOOKMARK [1][-]{section*.165}{\376\377\000C\000o\000n\000c\000l\000u\000s\000i\000o\000n}{chapter*.58}% 67
\BOOKMARK [0][-]{chapter*.166}{\376\377\000V\000i\000s\000u\000a\000l\000\040\000P\000e\000r\000c\000e\000p\000t\000i\000o\000n\000\040\000a\000n\000d\000\040\000S\000e\000l\000f\000-\000H\000e\000a\000l\000i\000n\000g\000\040\000E\000x\000e\000c\000u\000t\000i\000o\000n}{}% 68
\BOOKMARK [1][-]{section*.167}{\376\377\000I\000n\000t\000r\000o\000d\000u\000c\000t\000i\000o\000n}{chapter*.166}% 69
\BOOKMARK [2][-]{section*.168}{\376\377\000C\000h\000a\000p\000t\000e\000r\000\040\000O\000v\000e\000r\000v\000i\000e\000w}{section*.167}% 70
\BOOKMARK [1][-]{section*.169}{\376\377\000O\000b\000j\000e\000c\000t\000i\000v\000e\000\040\000o\000f\000\040\000t\000h\000e\000\040\000V\000i\000s\000i\000o\000n\000\040\000M\000o\000d\000u\000l\000e}{chapter*.166}% 71
\BOOKMARK [1][-]{section*.170}{\376\377\000D\000a\000t\000a\000s\000e\000t\000\040\000P\000r\000e\000p\000a\000r\000a\000t\000i\000o\000n\000:\000\040\000F\000r\000o\000m\000\040\000F\000a\000i\000l\000e\000d\000\040\000A\000t\000t\000e\000m\000p\000t\000s\000\040\000t\000o\000\040\000D\000O\000M\000-\000A\000s\000s\000i\000s\000t\000e\000d\000\040\000L\000a\000b\000e\000l\000i\000n\000g}{chapter*.166}% 72
\BOOKMARK [2][-]{subsection*.171}{\376\377\000T\000h\000e\000\040\000C\000h\000a\000l\000l\000e\000n\000g\000e\000\040\000o\000f\000\040\000B\000u\000i\000l\000d\000i\000n\000g\000\040\000a\000\040\000U\000I\000\040\000D\000a\000t\000a\000s\000e\000t}{section*.170}% 73
\BOOKMARK [2][-]{subsection*.172}{\376\377\000F\000i\000r\000s\000t\000\040\000A\000t\000t\000e\000m\000p\000t\000:\000\040\000S\000e\000a\000r\000c\000h\000i\000n\000g\000\040\000f\000o\000r\000\040\000R\000e\000a\000d\000y\000-\000M\000a\000d\000e\000\040\000D\000a\000t\000a\000s\000e\000t\000s}{section*.170}% 74
\BOOKMARK [2][-]{subsection*.173}{\376\377\000S\000e\000c\000o\000n\000d\000\040\000A\000t\000t\000e\000m\000p\000t\000:\000\040\000P\000l\000a\000y\000w\000r\000i\000g\000h\000t\000\040\000S\000c\000r\000e\000e\000n\000s\000h\000o\000t\000\040\000G\000e\000n\000e\000r\000a\000t\000i\000o\000n}{section*.170}% 75
\BOOKMARK [2][-]{subsection*.174}{\376\377\000T\000h\000i\000r\000d\000\040\000A\000t\000t\000e\000m\000p\000t\000:\000\040\000M\000a\000n\000u\000a\000l\000\040\000A\000n\000n\000o\000t\000a\000t\000i\000o\000n\000\040\000w\000i\000t\000h\000\040\000R\000o\000b\000o\000f\000l\000o\000w\000\040\000a\000n\000d\000\040\000L\000a\000b\000e\000l\000I\000m\000g}{section*.170}% 76
\BOOKMARK [2][-]{subsection*.177}{\376\377\000L\000i\000m\000i\000t\000a\000t\000i\000o\000n\000s\000\040\000o\000f\000\040\000C\000l\000a\000s\000s\000i\000c\000\040\000A\000u\000t\000o\000-\000L\000a\000b\000e\000l\000i\000n\000g}{section*.170}% 77
\BOOKMARK [2][-]{subsection*.180}{\376\377\000F\000i\000n\000a\000l\000\040\000S\000o\000l\000u\000t\000i\000o\000n\000:\000\040\000D\000O\000M\000-\000A\000s\000s\000i\000s\000t\000e\000d\000\040\000A\000u\000t\000o\000-\000L\000a\000b\000e\000l\000i\000n\000g}{section*.170}% 78
\BOOKMARK [2][-]{subsection*.183}{\376\377\000U\000I\000\040\000E\000l\000e\000m\000e\000n\000t\000\040\000C\000l\000a\000s\000s\000e\000s}{section*.170}% 79
\BOOKMARK [2][-]{subsection*.186}{\376\377\000D\000a\000t\000a\000s\000e\000t\000\040\000S\000p\000l\000i\000t\000\040\000a\000n\000d\000\040\000P\000r\000e\000p\000a\000r\000a\000t\000i\000o\000n\000\040\000f\000o\000r\000\040\000T\000r\000a\000i\000n\000i\000n\000g}{section*.170}% 80
\BOOKMARK [1][-]{section*.189}{\376\377\000Y\000O\000L\000O\000v\0008\000n\000\040\000T\000r\000a\000i\000n\000i\000n\000g}{chapter*.166}% 81
\BOOKMARK [2][-]{subsection*.190}{\376\377\000W\000h\000y\000\040\000Y\000O\000L\000O\000v\0008\000n}{section*.189}% 82
\BOOKMARK [2][-]{subsection*.193}{\376\377\000T\000r\000a\000i\000n\000i\000n\000g\000\040\000C\000o\000n\000f\000i\000g\000u\000r\000a\000t\000i\000o\000n}{section*.189}% 83
\BOOKMARK [2][-]{subsection*.196}{\376\377\000L\000o\000s\000s\000\040\000F\000u\000n\000c\000t\000i\000o\000n\000\040\000A\000n\000a\000l\000y\000s\000i\000s}{section*.189}% 84
\BOOKMARK [2][-]{subsection*.197}{\376\377\000T\000r\000a\000i\000n\000i\000n\000g\000\040\000M\000e\000t\000r\000i\000c\000s}{section*.189}% 85
\BOOKMARK [2][-]{subsection*.200}{\376\377\000M\000o\000d\000e\000l\000\040\000E\000v\000a\000l\000u\000a\000t\000i\000o\000n}{section*.189}% 86
\BOOKMARK [1][-]{section*.203}{\376\377\000O\000C\000R\000\040\000P\000i\000p\000e\000l\000i\000n\000e}{chapter*.166}% 87
\BOOKMARK [2][-]{subsection*.204}{\376\377\000R\000o\000l\000e\000\040\000o\000f\000\040\000O\000C\000R\000\040\000i\000n\000\040\000t\000h\000e\000\040\000V\000i\000s\000i\000o\000n\000\040\000M\000o\000d\000u\000l\000e}{section*.203}% 88
\BOOKMARK [2][-]{subsection*.205}{\376\377\000O\000p\000e\000n\000C\000V\000\040\000P\000r\000e\000p\000r\000o\000c\000e\000s\000s\000i\000n\000g}{section*.203}% 89
\BOOKMARK [2][-]{subsection*.206}{\376\377\000T\000e\000s\000s\000e\000r\000a\000c\000t\000\040\000O\000C\000R}{section*.203}% 90
\BOOKMARK [2][-]{subsection*.207}{\376\377\000T\000e\000x\000t\000\040\000C\000l\000e\000a\000n\000i\000n\000g\000\040\000a\000n\000d\000\040\000M\000a\000t\000c\000h\000i\000n\000g}{section*.203}% 91
\BOOKMARK [1][-]{section*.208}{\376\377\000V\000i\000s\000i\000o\000n\000\040\000A\000P\000I\000\040\000I\000m\000p\000l\000e\000m\000e\000n\000t\000a\000t\000i\000o\000n}{chapter*.166}% 92
\BOOKMARK [2][-]{subsection*.209}{\376\377\000/\000a\000p\000i\000/\000i\000a\000/\000a\000n\000a\000l\000y\000z\000e\000-\000s\000c\000r\000e\000e\000n\000s\000h\000o\000t}{section*.208}% 93
\BOOKMARK [2][-]{subsection*.212}{\376\377\000S\000c\000r\000e\000e\000n\000s\000h\000o\000t\000\040\000I\000n\000p\000u\000t}{section*.208}% 94
\BOOKMARK [2][-]{subsection*.213}{\376\377\000B\000o\000u\000n\000d\000i\000n\000g\000\040\000B\000o\000x\000\040\000D\000e\000t\000e\000c\000t\000i\000o\000n}{section*.208}% 95
\BOOKMARK [2][-]{subsection*.232}{\376\377\000O\000C\000R\000\040\000E\000n\000r\000i\000c\000h\000m\000e\000n\000t}{section*.208}% 96
\BOOKMARK [2][-]{subsection*.233}{\376\377\000R\000e\000t\000u\000r\000n\000e\000d\000\040\000J\000S\000O\000N\000\040\000S\000t\000r\000u\000c\000t\000u\000r\000e}{section*.208}% 97
\BOOKMARK [1][-]{section*.234}{\376\377\000S\000e\000l\000f\000-\000H\000e\000a\000l\000i\000n\000g\000\040\000E\000x\000e\000c\000u\000t\000i\000o\000n}{chapter*.166}% 98
\BOOKMARK [2][-]{subsection*.235}{\376\377\000P\000l\000a\000n\000\040\000A\000:\000\040\000P\000l\000a\000y\000w\000r\000i\000g\000h\000t\000\040\000S\000e\000l\000e\000c\000t\000o\000r\000\040\000E\000x\000e\000c\000u\000t\000i\000o\000n}{section*.234}% 99
\BOOKMARK [2][-]{subsection*.236}{\376\377\000P\000l\000a\000n\000\040\000B\000:\000\040\000Y\000O\000L\000O\000\040\000+\000\040\000O\000C\000R\000\040\000+\000\040\000C\000o\000o\000r\000d\000i\000n\000a\000t\000e\000-\000B\000a\000s\000e\000d\000\040\000A\000c\000t\000i\000o\000n}{section*.234}% 100
\BOOKMARK [2][-]{subsection*.239}{\376\377\000R\000e\000t\000r\000y\000\040\000M\000e\000c\000h\000a\000n\000i\000s\000m}{section*.234}% 101
\BOOKMARK [2][-]{subsection*.240}{\376\377\000P\000o\000p\000u\000p\000\040\000a\000n\000d\000\040\000D\000i\000a\000l\000o\000g\000\040\000H\000a\000n\000d\000l\000i\000n\000g}{section*.234}% 102
\BOOKMARK [1][-]{section*.241}{\376\377\000R\000e\000s\000u\000l\000t\000s\000\040\000a\000n\000d\000\040\000O\000b\000s\000e\000r\000v\000a\000t\000i\000o\000n\000s}{chapter*.166}% 103
\BOOKMARK [2][-]{subsection*.242}{\376\377\000S\000u\000c\000c\000e\000s\000s\000f\000u\000l\000\040\000D\000e\000t\000e\000c\000t\000i\000o\000n\000\040\000C\000a\000s\000e\000s}{section*.241}% 104
\BOOKMARK [2][-]{subsection*.245}{\376\377\000S\000u\000c\000c\000e\000s\000s\000f\000u\000l\000\040\000S\000e\000l\000f\000-\000H\000e\000a\000l\000i\000n\000g\000\040\000C\000a\000s\000e\000s}{section*.241}% 105
\BOOKMARK [2][-]{subsection*.248}{\376\377\000F\000a\000i\000l\000e\000d\000\040\000C\000a\000s\000e\000s}{section*.241}% 106
\BOOKMARK [2][-]{subsection*.251}{\376\377\000E\000r\000r\000o\000r\000\040\000A\000n\000a\000l\000y\000s\000i\000s}{section*.241}% 107
\BOOKMARK [1][-]{section*.252}{\376\377\000C\000o\000n\000c\000l\000u\000s\000i\000o\000n}{chapter*.166}% 108
\BOOKMARK [0][-]{chapter*.253}{\376\377\000I\000n\000t\000e\000g\000r\000a\000t\000i\000o\000n\000,\000\040\000R\000e\000p\000o\000r\000t\000i\000n\000g\000,\000\040\000D\000e\000p\000l\000o\000y\000m\000e\000n\000t\000\040\000a\000n\000d\000\040\000F\000i\000n\000a\000l\000\040\000R\000e\000s\000u\000l\000t\000s}{}% 109
\BOOKMARK [1][-]{section*.254}{\376\377\000I\000n\000t\000r\000o\000d\000u\000c\000t\000i\000o\000n}{chapter*.253}% 110
\BOOKMARK [2][-]{section*.255}{\376\377\000C\000h\000a\000p\000t\000e\000r\000\040\000O\000v\000e\000r\000v\000i\000e\000w}{section*.254}% 111
\BOOKMARK [1][-]{section*.256}{\376\377\000C\000o\000m\000p\000l\000e\000t\000e\000\040\000P\000i\000p\000e\000l\000i\000n\000e\000\040\000I\000n\000t\000e\000g\000r\000a\000t\000i\000o\000n}{chapter*.253}% 112
\BOOKMARK [2][-]{subsection*.257}{\376\377\000U\000s\000e\000r\000\040\000S\000u\000b\000m\000i\000t\000s\000\040\000a\000\040\000G\000h\000e\000r\000k\000i\000n\000\040\000S\000c\000e\000n\000a\000r\000i\000o}{section*.256}% 113
\BOOKMARK [2][-]{subsection*.258}{\376\377\000N\000L\000P\000\040\000P\000a\000r\000s\000i\000n\000g\000\040\000a\000n\000d\000\040\000S\000e\000m\000a\000n\000t\000i\000c\000\040\000M\000a\000p\000p\000i\000n\000g}{section*.256}% 114
\BOOKMARK [2][-]{subsection*.259}{\376\377\000P\000l\000a\000y\000w\000r\000i\000g\000h\000t\000\040\000E\000x\000e\000c\000u\000t\000i\000o\000n}{section*.256}% 115
\BOOKMARK [2][-]{subsection*.260}{\376\377\000V\000i\000s\000i\000o\000n\000\040\000F\000a\000l\000l\000b\000a\000c\000k\000\040\000W\000h\000e\000n\000\040\000S\000e\000l\000e\000c\000t\000o\000r\000s\000\040\000F\000a\000i\000l}{section*.256}% 116
\BOOKMARK [2][-]{subsection*.261}{\376\377\000R\000e\000p\000o\000r\000t\000\040\000G\000e\000n\000e\000r\000a\000t\000i\000o\000n}{section*.256}% 117
\BOOKMARK [1][-]{section*.264}{\376\377\000B\000a\000c\000k\000e\000n\000d\000\040\000I\000m\000p\000l\000e\000m\000e\000n\000t\000a\000t\000i\000o\000n}{chapter*.253}% 118
\BOOKMARK [2][-]{subsection*.265}{\376\377\000F\000a\000s\000t\000A\000P\000I\000\040\000R\000o\000u\000t\000e\000r\000s}{section*.264}% 119
\BOOKMARK [2][-]{subsection*.268}{\376\377\000S\000e\000r\000v\000i\000c\000e\000s\000\040\000L\000a\000y\000e\000r}{section*.264}% 120
\BOOKMARK [2][-]{subsection*.269}{\376\377\000S\000c\000h\000e\000m\000a\000s\000\040\000a\000n\000d\000\040\000V\000a\000l\000i\000d\000a\000t\000i\000o\000n}{section*.264}% 121
\BOOKMARK [2][-]{subsection*.270}{\376\377\000E\000r\000r\000o\000r\000\040\000H\000a\000n\000d\000l\000i\000n\000g\000\040\000a\000n\000d\000\040\000L\000o\000g\000s}{section*.264}% 122
\BOOKMARK [1][-]{section*.271}{\376\377\000R\000e\000p\000o\000r\000t\000i\000n\000g\000\040\000S\000y\000s\000t\000e\000m}{chapter*.253}% 123
\BOOKMARK [2][-]{subsection*.272}{\376\377\000J\000S\000O\000N\000\040\000R\000e\000p\000o\000r\000t\000\040\000G\000e\000n\000e\000r\000a\000t\000i\000o\000n}{section*.271}% 124
\BOOKMARK [2][-]{subsection*.296}{\376\377\000H\000T\000M\000L\000\040\000R\000e\000p\000o\000r\000t\000\040\000G\000e\000n\000e\000r\000a\000t\000i\000o\000n}{section*.271}% 125
\BOOKMARK [2][-]{subsection*.299}{\376\377\000S\000c\000r\000e\000e\000n\000s\000h\000o\000t\000\040\000E\000v\000i\000d\000e\000n\000c\000e}{section*.271}% 126
\BOOKMARK [2][-]{subsection*.300}{\376\377\000R\000e\000p\000o\000r\000t\000\040\000A\000P\000I\000\040\000E\000n\000d\000p\000o\000i\000n\000t\000s}{section*.271}% 127
\BOOKMARK [2][-]{subsection*.303}{\376\377\000S\000t\000r\000e\000a\000m\000l\000i\000t\000\040\000R\000e\000p\000o\000r\000t\000\040\000V\000i\000e\000w\000e\000r}{section*.271}% 128
\BOOKMARK [1][-]{section*.304}{\376\377\000U\000s\000e\000r\000\040\000I\000n\000t\000e\000r\000f\000a\000c\000e}{chapter*.253}% 129
\BOOKMARK [2][-]{subsection*.305}{\376\377\000S\000c\000e\000n\000a\000r\000i\000o\000\040\000S\000t\000u\000d\000i\000o}{section*.304}% 130
\BOOKMARK [2][-]{subsection*.308}{\376\377\000S\000c\000r\000i\000p\000t\000\040\000G\000e\000n\000e\000r\000a\000t\000i\000o\000n\000\040\000V\000i\000e\000w}{section*.304}% 131
\BOOKMARK [2][-]{subsection*.311}{\376\377\000S\000c\000r\000e\000e\000n\000s\000h\000o\000t\000\040\000A\000n\000a\000l\000y\000z\000e\000r}{section*.304}% 132
\BOOKMARK [2][-]{subsection*.312}{\376\377\000R\000e\000p\000o\000r\000t\000s\000\040\000P\000a\000g\000e}{section*.304}% 133
\BOOKMARK [1][-]{section*.315}{\376\377\000D\000e\000p\000l\000o\000y\000m\000e\000n\000t\000\040\000A\000t\000t\000e\000m\000p\000t\000s}{chapter*.253}% 134
\BOOKMARK [2][-]{subsection*.316}{\376\377\000L\000o\000c\000a\000l\000\040\000D\000e\000p\000l\000o\000y\000m\000e\000n\000t}{section*.315}% 135
\BOOKMARK [2][-]{subsection*.317}{\376\377\000D\000o\000c\000k\000e\000r\000\040\000D\000e\000p\000l\000o\000y\000m\000e\000n\000t}{section*.315}% 136
\BOOKMARK [2][-]{subsection*.318}{\376\377\000F\000i\000r\000s\000t\000\040\000S\000t\000r\000e\000a\000m\000l\000i\000t\000\040\000C\000l\000o\000u\000d\000\040\000A\000t\000t\000e\000m\000p\000t}{section*.315}% 137
\BOOKMARK [2][-]{subsection*.319}{\376\377\000R\000e\000s\000o\000u\000r\000c\000e\000\040\000L\000i\000m\000i\000t\000\040\000I\000s\000s\000u\000e}{section*.315}% 138
\BOOKMARK [2][-]{subsection*.320}{\376\377\000F\000i\000n\000a\000l\000\040\000P\000r\000o\000p\000o\000s\000e\000d\000\040\000A\000r\000c\000h\000i\000t\000e\000c\000t\000u\000r\000e\000:\000\040\000R\000a\000i\000l\000w\000a\000y\000\040\000B\000a\000c\000k\000e\000n\000d\000\040\000a\000n\000d\000\040\000S\000t\000r\000e\000a\000m\000l\000i\000t\000\040\000U\000I}{section*.315}% 139
\BOOKMARK [2][-]{subsection*.323}{\376\377\000C\000I\000/\000C\000D\000\040\000I\000n\000t\000e\000g\000r\000a\000t\000i\000o\000n\000\040\000S\000t\000r\000a\000t\000e\000g\000y}{section*.315}% 140
\BOOKMARK [1][-]{section*.330}{\376\377\000T\000e\000s\000t\000i\000n\000g\000\040\000a\000n\000d\000\040\000V\000a\000l\000i\000d\000a\000t\000i\000o\000n}{chapter*.253}% 141
\BOOKMARK [2][-]{subsection*.331}{\376\377\000U\000n\000i\000t\000\040\000T\000e\000s\000t\000s}{section*.330}% 142
\BOOKMARK [2][-]{subsection*.332}{\376\377\000A\000P\000I\000\040\000T\000e\000s\000t\000s}{section*.330}% 143
\BOOKMARK [2][-]{subsection*.333}{\376\377\000E\000n\000d\000-\000t\000o\000-\000E\000n\000d\000\040\000T\000e\000s\000t\000\040\000S\000c\000e\000n\000a\000r\000i\000o\000s}{section*.330}% 144
\BOOKMARK [2][-]{subsection*.334}{\376\377\000U\000n\000s\000e\000e\000n\000-\000S\000i\000t\000e\000\040\000B\000e\000n\000c\000h\000m\000a\000r\000k}{section*.330}% 145
\BOOKMARK [1][-]{section*.335}{\376\377\000A\000c\000t\000u\000a\000l\000\040\000R\000e\000s\000u\000l\000t\000s}{chapter*.253}% 146
\BOOKMARK [2][-]{subsection*.336}{\376\377\000G\000e\000n\000e\000r\000a\000t\000e\000d\000\040\000J\000S\000O\000N\000\040\000R\000e\000p\000o\000r\000t\000s}{section*.335}% 147
\BOOKMARK [2][-]{subsection*.339}{\376\377\000G\000e\000n\000e\000r\000a\000t\000e\000d\000\040\000H\000T\000M\000L\000\040\000R\000e\000p\000o\000r\000t\000s}{section*.335}% 148
\BOOKMARK [2][-]{subsection*.342}{\376\377\000S\000u\000c\000c\000e\000s\000s\000f\000u\000l\000\040\000E\000x\000e\000c\000u\000t\000i\000o\000n\000\040\000E\000x\000a\000m\000p\000l\000e\000s}{section*.335}% 149
\BOOKMARK [2][-]{subsection*.343}{\376\377\000F\000a\000i\000l\000e\000d\000\040\000E\000x\000e\000c\000u\000t\000i\000o\000n\000\040\000E\000x\000a\000m\000p\000l\000e\000s}{section*.335}% 150
\BOOKMARK [2][-]{subsection*.346}{\376\377\000P\000l\000a\000n\000\040\000A\000\040\000v\000s\000\040\000P\000l\000a\000n\000\040\000B\000\040\000U\000s\000a\000g\000e}{section*.335}% 151
\BOOKMARK [2][-]{subsection*.349}{\376\377\000P\000e\000r\000f\000o\000r\000m\000a\000n\000c\000e\000\040\000O\000b\000s\000e\000r\000v\000a\000t\000i\000o\000n\000s}{section*.335}% 152
\BOOKMARK [1][-]{section*.350}{\376\377\000L\000i\000m\000i\000t\000a\000t\000i\000o\000n\000s}{chapter*.253}% 153
\BOOKMARK [2][-]{subsection*.351}{\376\377\000M\000o\000d\000e\000l\000\040\000A\000c\000c\000u\000r\000a\000c\000y\000\040\000L\000i\000m\000i\000t\000a\000t\000i\000o\000n\000s}{section*.350}% 154
\BOOKMARK [2][-]{subsection*.352}{\376\377\000O\000C\000R\000\040\000L\000i\000m\000i\000t\000a\000t\000i\000o\000n\000s}{section*.350}% 155
\BOOKMARK [2][-]{subsection*.353}{\376\377\000D\000e\000p\000l\000o\000y\000m\000e\000n\000t\000\040\000R\000e\000s\000o\000u\000r\000c\000e\000\040\000L\000i\000m\000i\000t\000a\000t\000i\000o\000n\000s}{section*.350}% 156
\BOOKMARK [2][-]{subsection*.354}{\376\377\000L\000a\000c\000k\000\040\000o\000f\000\040\000P\000o\000s\000t\000g\000r\000e\000S\000Q\000L\000\040\000a\000n\000d\000\040\000R\000e\000d\000i\000s\000\040\000I\000n\000t\000e\000g\000r\000a\000t\000i\000o\000n}{section*.350}% 157
\BOOKMARK [1][-]{section*.355}{\376\377\000P\000e\000r\000s\000p\000e\000c\000t\000i\000v\000e\000s}{chapter*.253}% 158
\BOOKMARK [2][-]{subsection*.356}{\376\377\000I\000m\000p\000r\000o\000v\000e\000\040\000N\000L\000P\000\040\000M\000u\000l\000t\000i\000l\000i\000n\000g\000u\000a\000l\000\040\000S\000u\000p\000p\000o\000r\000t}{section*.355}% 159
\BOOKMARK [2][-]{subsection*.357}{\376\377\000E\000x\000p\000a\000n\000d\000\040\000t\000h\000e\000\040\000A\000n\000n\000o\000t\000a\000t\000e\000d\000\040\000D\000a\000t\000a\000s\000e\000t}{section*.355}% 160
\BOOKMARK [2][-]{subsection*.358}{\376\377\000A\000d\000d\000\040\000P\000o\000s\000t\000g\000r\000e\000S\000Q\000L\000\040\000a\000n\000d\000\040\000R\000e\000d\000i\000s}{section*.355}% 161
\BOOKMARK [2][-]{subsection*.359}{\376\377\000A\000d\000d\000\040\000A\000u\000t\000h\000e\000n\000t\000i\000c\000a\000t\000i\000o\000n\000\040\000a\000n\000d\000\040\000P\000r\000o\000j\000e\000c\000t\000\040\000H\000i\000s\000t\000o\000r\000y}{section*.355}% 162
\BOOKMARK [2][-]{subsection*.360}{\376\377\000I\000m\000p\000r\000o\000v\000e\000\040\000C\000l\000o\000u\000d\000\040\000D\000e\000p\000l\000o\000y\000m\000e\000n\000t}{section*.355}% 163
\BOOKMARK [1][-]{section*.361}{\376\377\000C\000o\000n\000c\000l\000u\000s\000i\000o\000n}{chapter*.253}% 164
\BOOKMARK [0][-]{chapter*.362}{\376\377\000G\000e\000n\000e\000r\000a\000l\000\040\000C\000o\000n\000c\000l\000u\000s\000i\000o\000n\000\040\000a\000n\000d\000\040\000P\000e\000r\000s\000p\000e\000c\000t\000i\000v\000e\000s}{}% 165
\BOOKMARK [0][-]{chapter*.363}{\376\377\000B\000i\000b\000l\000i\000o\000g\000r\000a\000p\000h\000y}{}% 166
